../Drivers/CMSIS/Include/core_cm3.h:1762:34:__NVIC_SystemReset	4	static,ignoring_inline_asm
../Core/Src/UVN.c:68:11:GetFUTURE_RELAY	4	static
../Core/Src/UVN.c:73:9:GetUVN_FLAGS	4	static
../Core/Src/UVN.c:78:9:GetINDX_FUTURE	4	static
../Core/Src/UVN.c:83:9:IncINDX_FUTURE	4	static
../Core/Src/UVN.c:97:6:SetUSBF	4	static
../Core/Src/UVN.c:103:6:SetExSigF	4	static
../Core/Src/UVN.c:110:6:SetFlashF	4	static
../Core/Src/UVN.c:116:6:SetFutrConfF	4	static
../Core/Src/UVN.c:122:9:GetUSBF	4	static
../Core/Src/UVN.c:127:6:SetBuf	16	static
../Core/Src/UVN.c:132:11:GetBuf	4	static
../Core/Src/UVN.c:137:6:uvnInit	88	static
../Core/Src/UVN.c:147:13:set_PortD	16	static
../Core/Src/UVN.c:230:13:SyncREG	16	static
../Core/Src/UVN.c:260:13:relay_protect	16	static
../Core/Src/UVN.c:276:13:set_Reg	24	static
../Core/Src/UVN.c:419:13:relay_save	80	static
../Core/Src/UVN.c:430:6:set_fault	16	static
../Core/Src/UVN.c:439:6:SetNET	48	static
../Core/Src/UVN.c:452:6:SaveFuture	24	static
../Core/Src/UVN.c:466:8:GetFunc	24	static
